// Jest Snapshot v1, https://goo.gl/fbAQLP

exports[`The Product section renders 1`] = `
<div>
  <div
    class="flex flex-col justify-center items-center px-4 md:px-8 lg:px-12"
  >
    <h1
      class="mb-2 text-4xl font-semibold text-gray-900 dark:text-white text-center"
    >
      Our Product
    </h1>
    <h2
      class="mt-6 mb-5 text-2xl leading-8 text-gray-600 text-center max-w-2xl"
    >
      Learn more about the amazing features of our product.
    </h2>
    <ul
      class="space-y-4 text-gray-500 list-inside dark:text-gray-400"
    >
      <li
        class="flex items-center text-lg"
      >
        <svg
          aria-hidden="true"
          class="block mr-2 h-6 w-6 text-green-500"
          data-slot="icon"
          fill="currentColor"
          viewBox="0 0 24 24"
          xmlns="http://www.w3.org/2000/svg"
        >
          <path
            clip-rule="evenodd"
            d="M2.25 12c0-5.385 4.365-9.75 9.75-9.75s9.75 4.365 9.75 9.75-4.365 9.75-9.75 9.75S2.25 17.385 2.25 12Zm13.36-1.814a.75.75 0 1 0-1.22-.872l-3.236 4.53L9.53 12.22a.75.75 0 0 0-1.06 1.06l2.25 2.25a.75.75 0 0 0 1.14-.094l3.75-5.25Z"
            fill-rule="evenodd"
          />
        </svg>
        AI-powered recipe generation using your available ingredients.
      </li>
      <li
        class="flex items-center text-lg"
      >
        <svg
          aria-hidden="true"
          class="block mr-2 h-6 w-6 text-green-500"
          data-slot="icon"
          fill="currentColor"
          viewBox="0 0 24 24"
          xmlns="http://www.w3.org/2000/svg"
        >
          <path
            clip-rule="evenodd"
            d="M2.25 12c0-5.385 4.365-9.75 9.75-9.75s9.75 4.365 9.75 9.75-4.365 9.75-9.75 9.75S2.25 17.385 2.25 12Zm13.36-1.814a.75.75 0 1 0-1.22-.872l-3.236 4.53L9.53 12.22a.75.75 0 0 0-1.06 1.06l2.25 2.25a.75.75 0 0 0 1.14-.094l3.75-5.25Z"
            fill-rule="evenodd"
          />
        </svg>
        Customized recipes based on dietary preferences and restrictions.
      </li>
      <li
        class="flex items-center text-lg"
      >
        <svg
          aria-hidden="true"
          class="block mr-2 h-6 w-6 text-green-500"
          data-slot="icon"
          fill="currentColor"
          viewBox="0 0 24 24"
          xmlns="http://www.w3.org/2000/svg"
        >
          <path
            clip-rule="evenodd"
            d="M2.25 12c0-5.385 4.365-9.75 9.75-9.75s9.75 4.365 9.75 9.75-4.365 9.75-9.75 9.75S2.25 17.385 2.25 12Zm13.36-1.814a.75.75 0 1 0-1.22-.872l-3.236 4.53L9.53 12.22a.75.75 0 0 0-1.06 1.06l2.25 2.25a.75.75 0 0 0 1.14-.094l3.75-5.25Z"
            fill-rule="evenodd"
          />
        </svg>
        User-friendly interface to easily add ingredients and generate recipes.
      </li>
      <li
        class="flex items-center text-lg"
      >
        <svg
          aria-hidden="true"
          class="block mr-2 h-6 w-6 text-green-500"
          data-slot="icon"
          fill="currentColor"
          viewBox="0 0 24 24"
          xmlns="http://www.w3.org/2000/svg"
        >
          <path
            clip-rule="evenodd"
            d="M2.25 12c0-5.385 4.365-9.75 9.75-9.75s9.75 4.365 9.75 9.75-4.365 9.75-9.75 9.75S2.25 17.385 2.25 12Zm13.36-1.814a.75.75 0 1 0-1.22-.872l-3.236 4.53L9.53 12.22a.75.75 0 0 0-1.06 1.06l2.25 2.25a.75.75 0 0 0 1.14-.094l3.75-5.25Z"
            fill-rule="evenodd"
          />
        </svg>
        Option to save, rate, and share your favorite recipes.
      </li>
    </ul>
    <button
      class="mt-10 rounded-md bg-indigo-600 px-3.5 py-2.5 text-sm font-semibold text-white shadow-sm hover:bg-indigo-500 focus-visible:outline focus-visible:outline-2 focus-visible:outline-offset-2 focus-visible:outline-indigo-600"
    >
      Back to Home
    </button>
  </div>
</div>
`;
